Archive member included because of file (symbol)

c:/program files (x86)/atmel/atmel toolchain/avr8 gcc/native/3.4.2.1002/avr8-gnu-toolchain/bin/../lib/gcc/avr/4.7.2/avr5\libgcc.a(_exit.o)
                              c:/program files (x86)/atmel/atmel toolchain/avr8 gcc/native/3.4.2.1002/avr8-gnu-toolchain/bin/../lib/gcc/avr/4.7.2/../../../../avr/lib/avr5/crtm328p.o (exit)
c:/program files (x86)/atmel/atmel toolchain/avr8 gcc/native/3.4.2.1002/avr8-gnu-toolchain/bin/../lib/gcc/avr/4.7.2/avr5\libgcc.a(_copy_data.o)
                              free.o (__do_copy_data)
c:/program files (x86)/atmel/atmel toolchain/avr8 gcc/native/3.4.2.1002/avr8-gnu-toolchain/bin/../lib/gcc/avr/4.7.2/avr5\libgcc.a(_clear_bss.o)
                              tasks.o (__do_clear_bss)
c:/program files (x86)/atmel/atmel toolchain/avr8 gcc/native/3.4.2.1002/avr8-gnu-toolchain/bin/../lib/gcc/avr/4.7.2/../../../../avr/lib/avr5\libc.a(malloc.o)
                              heap_3.o (malloc)
c:/program files (x86)/atmel/atmel toolchain/avr8 gcc/native/3.4.2.1002/avr8-gnu-toolchain/bin/../lib/gcc/avr/4.7.2/../../../../avr/lib/avr5\libc.a(memcpy.o)
                              queue.o (memcpy)
c:/program files (x86)/atmel/atmel toolchain/avr8 gcc/native/3.4.2.1002/avr8-gnu-toolchain/bin/../lib/gcc/avr/4.7.2/../../../../avr/lib/avr5\libc.a(memset.o)
                              tasks.o (memset)
c:/program files (x86)/atmel/atmel toolchain/avr8 gcc/native/3.4.2.1002/avr8-gnu-toolchain/bin/../lib/gcc/avr/4.7.2/avr5\libgcc.a(_epilogue.o)
                              c:/program files (x86)/atmel/atmel toolchain/avr8 gcc/native/3.4.2.1002/avr8-gnu-toolchain/bin/../lib/gcc/avr/4.7.2/../../../../avr/lib/avr5\libc.a(malloc.o) (__epilogue_restores__)

Allocating common symbols
Common symbol       size              file

__brkval            0x2               c:/program files (x86)/atmel/atmel toolchain/avr8 gcc/native/3.4.2.1002/avr8-gnu-toolchain/bin/../lib/gcc/avr/4.7.2/../../../../avr/lib/avr5\libc.a(malloc.o)
__flp               0x2               c:/program files (x86)/atmel/atmel toolchain/avr8 gcc/native/3.4.2.1002/avr8-gnu-toolchain/bin/../lib/gcc/avr/4.7.2/../../../../avr/lib/avr5\libc.a(malloc.o)

Discarded input sections

 .bss           0x00000000        0x0 c:/program files (x86)/atmel/atmel toolchain/avr8 gcc/native/3.4.2.1002/avr8-gnu-toolchain/bin/../lib/gcc/avr/4.7.2/../../../../avr/lib/avr5/crtm328p.o
 .text          0x00000000        0x0 croutine.o
 .bss           0x00000000        0x0 croutine.o
 .text          0x00000000        0x0 event_groups.o
 .bss           0x00000000        0x0 event_groups.o
 .text.prvTestWaitCondition
                0x00000000       0x24 event_groups.o
 .text.xEventGroupCreate
                0x00000000       0x28 event_groups.o
 .text.xEventGroupWaitBits
                0x00000000       0xe0 event_groups.o
 .text.xEventGroupClearBits
                0x00000000       0x22 event_groups.o
 .text.xEventGroupGetBitsFromISR
                0x00000000        0x8 event_groups.o
 .text.xEventGroupSetBits
                0x00000000       0xde event_groups.o
 .text.xEventGroupSync
                0x00000000       0xd2 event_groups.o
 .text.vEventGroupDelete
                0x00000000       0x32 event_groups.o
 .text.vEventGroupSetBitsCallback
                0x00000000        0x8 event_groups.o
 .text.vEventGroupClearBitsCallback
                0x00000000        0x8 event_groups.o
 .text          0x00000000        0x0 free.o
 .bss           0x00000000        0x0 free.o
 .text          0x00000000        0x0 free_lib.o
 .bss           0x00000000        0x0 free_lib.o
 .text          0x00000000        0x0 heap_3.o
 .bss           0x00000000        0x0 heap_3.o
 .text          0x00000000        0x0 list.o
 .bss           0x00000000        0x0 list.o
 .text          0x00000000        0x0 port.o
 .bss           0x00000000        0x0 port.o
 .text.vPortEndScheduler
                0x00000000       0x12 port.o
 .text          0x00000000        0x0 queue.o
 .bss           0x00000000        0x0 queue.o
 .text.xQueueCreateCountingSemaphore
                0x00000000       0x1c queue.o
 .text.xQueueGiveMutexRecursive
                0x00000000       0x46 queue.o
 .text.xQueueCreateMutex
                0x00000000       0x36 queue.o
 .text.xQueueGiveFromISR
                0x00000000       0x52 queue.o
 .text.xQueueTakeMutexRecursive
                0x00000000       0x4e queue.o
 .text.xQueueReceiveFromISR
                0x00000000       0x6a queue.o
 .text.xQueuePeekFromISR
                0x00000000       0x2e queue.o
 .text.uxQueueMessagesWaiting
                0x00000000       0x10 queue.o
 .text.uxQueueSpacesAvailable
                0x00000000       0x14 queue.o
 .text.uxQueueMessagesWaitingFromISR
                0x00000000        0x6 queue.o
 .text.vQueueDelete
                0x00000000        0x6 queue.o
 .text.xQueueIsQueueEmptyFromISR
                0x00000000        0xc queue.o
 .text.xQueueIsQueueFullFromISR
                0x00000000        0xe queue.o
 .text          0x00000000        0x0 tasks.o
 .bss           0x00000000        0x0 tasks.o
 .text.prvTaskIsTaskSuspended
                0x00000000       0x2c tasks.o
 .text.vTaskDelete
                0x00000000       0xa4 tasks.o
 .text.uxTaskPriorityGet
                0x00000000       0x1e tasks.o
 .text.uxTaskPriorityGetFromISR
                0x00000000       0x14 tasks.o
 .text.vTaskPrioritySet
                0x00000000       0xfa tasks.o
 .text.vTaskResume
                0x00000000       0x88 tasks.o
 .text.xTaskResumeFromISR
                0x00000000       0x90 tasks.o
 .text.vTaskEndScheduler
                0x00000000        0xe tasks.o
 .text.xTaskGetTickCountFromISR
                0x00000000        0xe tasks.o
 .text.uxTaskGetNumberOfTasks
                0x00000000        0x6 tasks.o
 .text.pcTaskGetName
                0x00000000       0x1a tasks.o
 .text.vTaskDelay
                0x00000000       0x28 tasks.o
 .text.vTaskDelayUntil
                0x00000000       0x7a tasks.o
 .text.vTaskSuspend
                0x00000000       0x9e tasks.o
 .text.vTaskPlaceOnUnorderedEventList
                0x00000000       0x32 tasks.o
 .text.xTaskRemoveFromUnorderedEventList
                0x00000000       0x74 tasks.o
 .text.uxTaskGetStackHighWaterMark
                0x00000000       0x3a tasks.o
 .text.xTaskGetCurrentTaskHandle
                0x00000000        0xe tasks.o
 .text.uxTaskResetEventItemValue
                0x00000000       0x2e tasks.o
 .text.ulTaskNotifyTake
                0x00000000       0xb8 tasks.o
 .text.xTaskNotifyWait
                0x00000000      0x108 tasks.o
 .text.xTaskGenericNotify
                0x00000000      0x108 tasks.o
 .text.xTaskGenericNotifyFromISR
                0x00000000      0x130 tasks.o
 .text.vTaskNotifyGiveFromISR
                0x00000000       0xb6 tasks.o
 .text.xTaskNotifyStateClear
                0x00000000       0x2a tasks.o
 .text          0x00000000        0x0 timers.o
 .bss           0x00000000        0x0 timers.o
 .text.xTimerCreate
                0x00000000       0x66 timers.o
 .text.xTimerGetTimerDaemonTaskHandle
                0x00000000        0xa timers.o
 .text.xTimerGetPeriod
                0x00000000        0x8 timers.o
 .text.xTimerGetExpiryTime
                0x00000000        0x8 timers.o
 .text.pcTimerGetName
                0x00000000        0x8 timers.o
 .text.xTimerIsTimerActive
                0x00000000       0x1a timers.o
 .text.pvTimerGetTimerID
                0x00000000       0x12 timers.o
 .text.vTimerSetTimerID
                0x00000000       0x12 timers.o
 .text          0x00000000        0x0 c:/program files (x86)/atmel/atmel toolchain/avr8 gcc/native/3.4.2.1002/avr8-gnu-toolchain/bin/../lib/gcc/avr/4.7.2/avr5\libgcc.a(_exit.o)
 .bss           0x00000000        0x0 c:/program files (x86)/atmel/atmel toolchain/avr8 gcc/native/3.4.2.1002/avr8-gnu-toolchain/bin/../lib/gcc/avr/4.7.2/avr5\libgcc.a(_exit.o)
 .text.libgcc.mul
                0x00000000        0x0 c:/program files (x86)/atmel/atmel toolchain/avr8 gcc/native/3.4.2.1002/avr8-gnu-toolchain/bin/../lib/gcc/avr/4.7.2/avr5\libgcc.a(_exit.o)
 .text.libgcc.div
                0x00000000        0x0 c:/program files (x86)/atmel/atmel toolchain/avr8 gcc/native/3.4.2.1002/avr8-gnu-toolchain/bin/../lib/gcc/avr/4.7.2/avr5\libgcc.a(_exit.o)
 .text.libgcc   0x00000000        0x0 c:/program files (x86)/atmel/atmel toolchain/avr8 gcc/native/3.4.2.1002/avr8-gnu-toolchain/bin/../lib/gcc/avr/4.7.2/avr5\libgcc.a(_exit.o)
 .text.libgcc.prologue
                0x00000000        0x0 c:/program files (x86)/atmel/atmel toolchain/avr8 gcc/native/3.4.2.1002/avr8-gnu-toolchain/bin/../lib/gcc/avr/4.7.2/avr5\libgcc.a(_exit.o)
 .text.libgcc.builtins
                0x00000000        0x0 c:/program files (x86)/atmel/atmel toolchain/avr8 gcc/native/3.4.2.1002/avr8-gnu-toolchain/bin/../lib/gcc/avr/4.7.2/avr5\libgcc.a(_exit.o)
 .text.libgcc.fmul
                0x00000000        0x0 c:/program files (x86)/atmel/atmel toolchain/avr8 gcc/native/3.4.2.1002/avr8-gnu-toolchain/bin/../lib/gcc/avr/4.7.2/avr5\libgcc.a(_exit.o)
 .text          0x00000000        0x0 c:/program files (x86)/atmel/atmel toolchain/avr8 gcc/native/3.4.2.1002/avr8-gnu-toolchain/bin/../lib/gcc/avr/4.7.2/avr5\libgcc.a(_copy_data.o)
 .bss           0x00000000        0x0 c:/program files (x86)/atmel/atmel toolchain/avr8 gcc/native/3.4.2.1002/avr8-gnu-toolchain/bin/../lib/gcc/avr/4.7.2/avr5\libgcc.a(_copy_data.o)
 .text.libgcc.mul
                0x00000000        0x0 c:/program files (x86)/atmel/atmel toolchain/avr8 gcc/native/3.4.2.1002/avr8-gnu-toolchain/bin/../lib/gcc/avr/4.7.2/avr5\libgcc.a(_copy_data.o)
 .text.libgcc.div
                0x00000000        0x0 c:/program files (x86)/atmel/atmel toolchain/avr8 gcc/native/3.4.2.1002/avr8-gnu-toolchain/bin/../lib/gcc/avr/4.7.2/avr5\libgcc.a(_copy_data.o)
 .text.libgcc   0x00000000        0x0 c:/program files (x86)/atmel/atmel toolchain/avr8 gcc/native/3.4.2.1002/avr8-gnu-toolchain/bin/../lib/gcc/avr/4.7.2/avr5\libgcc.a(_copy_data.o)
 .text.libgcc.prologue
                0x00000000        0x0 c:/program files (x86)/atmel/atmel toolchain/avr8 gcc/native/3.4.2.1002/avr8-gnu-toolchain/bin/../lib/gcc/avr/4.7.2/avr5\libgcc.a(_copy_data.o)
 .text.libgcc.builtins
                0x00000000        0x0 c:/program files (x86)/atmel/atmel toolchain/avr8 gcc/native/3.4.2.1002/avr8-gnu-toolchain/bin/../lib/gcc/avr/4.7.2/avr5\libgcc.a(_copy_data.o)
 .text.libgcc.fmul
                0x00000000        0x0 c:/program files (x86)/atmel/atmel toolchain/avr8 gcc/native/3.4.2.1002/avr8-gnu-toolchain/bin/../lib/gcc/avr/4.7.2/avr5\libgcc.a(_copy_data.o)
 .text          0x00000000        0x0 c:/program files (x86)/atmel/atmel toolchain/avr8 gcc/native/3.4.2.1002/avr8-gnu-toolchain/bin/../lib/gcc/avr/4.7.2/avr5\libgcc.a(_clear_bss.o)
 .bss           0x00000000        0x0 c:/program files (x86)/atmel/atmel toolchain/avr8 gcc/native/3.4.2.1002/avr8-gnu-toolchain/bin/../lib/gcc/avr/4.7.2/avr5\libgcc.a(_clear_bss.o)
 .text.libgcc.mul
                0x00000000        0x0 c:/program files (x86)/atmel/atmel toolchain/avr8 gcc/native/3.4.2.1002/avr8-gnu-toolchain/bin/../lib/gcc/avr/4.7.2/avr5\libgcc.a(_clear_bss.o)
 .text.libgcc.div
                0x00000000        0x0 c:/program files (x86)/atmel/atmel toolchain/avr8 gcc/native/3.4.2.1002/avr8-gnu-toolchain/bin/../lib/gcc/avr/4.7.2/avr5\libgcc.a(_clear_bss.o)
 .text.libgcc   0x00000000        0x0 c:/program files (x86)/atmel/atmel toolchain/avr8 gcc/native/3.4.2.1002/avr8-gnu-toolchain/bin/../lib/gcc/avr/4.7.2/avr5\libgcc.a(_clear_bss.o)
 .text.libgcc.prologue
                0x00000000        0x0 c:/program files (x86)/atmel/atmel toolchain/avr8 gcc/native/3.4.2.1002/avr8-gnu-toolchain/bin/../lib/gcc/avr/4.7.2/avr5\libgcc.a(_clear_bss.o)
 .text.libgcc.builtins
                0x00000000        0x0 c:/program files (x86)/atmel/atmel toolchain/avr8 gcc/native/3.4.2.1002/avr8-gnu-toolchain/bin/../lib/gcc/avr/4.7.2/avr5\libgcc.a(_clear_bss.o)
 .text.libgcc.fmul
                0x00000000        0x0 c:/program files (x86)/atmel/atmel toolchain/avr8 gcc/native/3.4.2.1002/avr8-gnu-toolchain/bin/../lib/gcc/avr/4.7.2/avr5\libgcc.a(_clear_bss.o)
 .text          0x00000000        0x0 c:/program files (x86)/atmel/atmel toolchain/avr8 gcc/native/3.4.2.1002/avr8-gnu-toolchain/bin/../lib/gcc/avr/4.7.2/../../../../avr/lib/avr5\libc.a(malloc.o)
 .bss           0x00000000        0x0 c:/program files (x86)/atmel/atmel toolchain/avr8 gcc/native/3.4.2.1002/avr8-gnu-toolchain/bin/../lib/gcc/avr/4.7.2/../../../../avr/lib/avr5\libc.a(malloc.o)
 .text          0x00000000        0x0 c:/program files (x86)/atmel/atmel toolchain/avr8 gcc/native/3.4.2.1002/avr8-gnu-toolchain/bin/../lib/gcc/avr/4.7.2/../../../../avr/lib/avr5\libc.a(memcpy.o)
 .bss           0x00000000        0x0 c:/program files (x86)/atmel/atmel toolchain/avr8 gcc/native/3.4.2.1002/avr8-gnu-toolchain/bin/../lib/gcc/avr/4.7.2/../../../../avr/lib/avr5\libc.a(memcpy.o)
 .text          0x00000000        0x0 c:/program files (x86)/atmel/atmel toolchain/avr8 gcc/native/3.4.2.1002/avr8-gnu-toolchain/bin/../lib/gcc/avr/4.7.2/../../../../avr/lib/avr5\libc.a(memset.o)
 .bss           0x00000000        0x0 c:/program files (x86)/atmel/atmel toolchain/avr8 gcc/native/3.4.2.1002/avr8-gnu-toolchain/bin/../lib/gcc/avr/4.7.2/../../../../avr/lib/avr5\libc.a(memset.o)
 .text          0x00000000        0x0 c:/program files (x86)/atmel/atmel toolchain/avr8 gcc/native/3.4.2.1002/avr8-gnu-toolchain/bin/../lib/gcc/avr/4.7.2/avr5\libgcc.a(_epilogue.o)
 .bss           0x00000000        0x0 c:/program files (x86)/atmel/atmel toolchain/avr8 gcc/native/3.4.2.1002/avr8-gnu-toolchain/bin/../lib/gcc/avr/4.7.2/avr5\libgcc.a(_epilogue.o)
 .text.libgcc.mul
                0x00000000        0x0 c:/program files (x86)/atmel/atmel toolchain/avr8 gcc/native/3.4.2.1002/avr8-gnu-toolchain/bin/../lib/gcc/avr/4.7.2/avr5\libgcc.a(_epilogue.o)
 .text.libgcc.div
                0x00000000        0x0 c:/program files (x86)/atmel/atmel toolchain/avr8 gcc/native/3.4.2.1002/avr8-gnu-toolchain/bin/../lib/gcc/avr/4.7.2/avr5\libgcc.a(_epilogue.o)
 .text.libgcc   0x00000000        0x0 c:/program files (x86)/atmel/atmel toolchain/avr8 gcc/native/3.4.2.1002/avr8-gnu-toolchain/bin/../lib/gcc/avr/4.7.2/avr5\libgcc.a(_epilogue.o)
 .text.libgcc.builtins
                0x00000000        0x0 c:/program files (x86)/atmel/atmel toolchain/avr8 gcc/native/3.4.2.1002/avr8-gnu-toolchain/bin/../lib/gcc/avr/4.7.2/avr5\libgcc.a(_epilogue.o)
 .text.libgcc.fmul
                0x00000000        0x0 c:/program files (x86)/atmel/atmel toolchain/avr8 gcc/native/3.4.2.1002/avr8-gnu-toolchain/bin/../lib/gcc/avr/4.7.2/avr5\libgcc.a(_epilogue.o)

Memory Configuration

Name             Origin             Length             Attributes
text             0x00000000         0x00020000         xr
data             0x00800060         0x0000ffa0         rw !x
eeprom           0x00810000         0x00010000         rw !x
fuse             0x00820000         0x00000400         rw !x
lock             0x00830000         0x00000400         rw !x
signature        0x00840000         0x00000400         rw !x
user_signatures  0x00850000         0x00000400         rw !x
*default*        0x00000000         0xffffffff

Linker script and memory map

Address of section .data set to 0x800100
LOAD c:/program files (x86)/atmel/atmel toolchain/avr8 gcc/native/3.4.2.1002/avr8-gnu-toolchain/bin/../lib/gcc/avr/4.7.2/../../../../avr/lib/avr5/crtm328p.o
LOAD croutine.o
LOAD event_groups.o
LOAD free.o
LOAD free_lib.o
LOAD heap_3.o
LOAD list.o
LOAD port.o
LOAD queue.o
LOAD tasks.o
LOAD timers.o
START GROUP
LOAD c:/program files (x86)/atmel/atmel toolchain/avr8 gcc/native/3.4.2.1002/avr8-gnu-toolchain/bin/../lib/gcc/avr/4.7.2/../../../../avr/lib/avr5\libm.a
END GROUP
LOAD c:/program files (x86)/atmel/atmel toolchain/avr8 gcc/native/3.4.2.1002/avr8-gnu-toolchain/bin/../lib/gcc/avr/4.7.2/avr5\libgcc.a
LOAD c:/program files (x86)/atmel/atmel toolchain/avr8 gcc/native/3.4.2.1002/avr8-gnu-toolchain/bin/../lib/gcc/avr/4.7.2/../../../../avr/lib/avr5\libc.a
LOAD c:/program files (x86)/atmel/atmel toolchain/avr8 gcc/native/3.4.2.1002/avr8-gnu-toolchain/bin/../lib/gcc/avr/4.7.2/avr5\libgcc.a

.hash
 *(.hash)

.dynsym
 *(.dynsym)

.dynstr
 *(.dynstr)

.gnu.version
 *(.gnu.version)

.gnu.version_d
 *(.gnu.version_d)

.gnu.version_r
 *(.gnu.version_r)

.rel.init
 *(.rel.init)

.rela.init
 *(.rela.init)

.rel.text
 *(.rel.text)
 *(.rel.text.*)
 *(.rel.gnu.linkonce.t*)

.rela.text
 *(.rela.text)
 *(.rela.text.*)
 *(.rela.gnu.linkonce.t*)

.rel.fini
 *(.rel.fini)

.rela.fini
 *(.rela.fini)

.rel.rodata
 *(.rel.rodata)
 *(.rel.rodata.*)
 *(.rel.gnu.linkonce.r*)

.rela.rodata
 *(.rela.rodata)
 *(.rela.rodata.*)
 *(.rela.gnu.linkonce.r*)

.rel.data
 *(.rel.data)
 *(.rel.data.*)
 *(.rel.gnu.linkonce.d*)

.rela.data
 *(.rela.data)
 *(.rela.data.*)
 *(.rela.gnu.linkonce.d*)

.rel.ctors
 *(.rel.ctors)

.rela.ctors
 *(.rela.ctors)

.rel.dtors
 *(.rel.dtors)

.rela.dtors
 *(.rela.dtors)

.rel.got
 *(.rel.got)

.rela.got
 *(.rela.got)

.rel.bss
 *(.rel.bss)

.rela.bss
 *(.rela.bss)

.rel.plt
 *(.rel.plt)

.rela.plt
 *(.rela.plt)

.text           0x00000000     0x1d10
 *(.vectors)
 .vectors       0x00000000       0x68 c:/program files (x86)/atmel/atmel toolchain/avr8 gcc/native/3.4.2.1002/avr8-gnu-toolchain/bin/../lib/gcc/avr/4.7.2/../../../../avr/lib/avr5/crtm328p.o
                0x00000000                __vector_default
                0x00000000                __vectors
 *(.vectors)
 *(.progmem.gcc*)
 *(.progmem*)
                0x00000068                . = ALIGN (0x2)
                0x00000068                __trampolines_start = .
 *(.trampolines)
 .trampolines   0x00000068        0x0 linker stubs
 *(.trampolines*)
                0x00000068                __trampolines_end = .
 *(.jumptables)
 *(.jumptables*)
 *(.lowtext)
 *(.lowtext*)
                0x00000068                __ctors_start = .
 *(.ctors)
                0x00000068                __ctors_end = .
                0x00000068                __dtors_start = .
 *(.dtors)
                0x00000068                __dtors_end = .
 SORT(*)(.ctors)
 SORT(*)(.dtors)
 *(.init0)
 .init0         0x00000068        0x0 c:/program files (x86)/atmel/atmel toolchain/avr8 gcc/native/3.4.2.1002/avr8-gnu-toolchain/bin/../lib/gcc/avr/4.7.2/../../../../avr/lib/avr5/crtm328p.o
                0x00000068                __init
 *(.init0)
 *(.init1)
 *(.init1)
 *(.init2)
 .init2         0x00000068        0xc c:/program files (x86)/atmel/atmel toolchain/avr8 gcc/native/3.4.2.1002/avr8-gnu-toolchain/bin/../lib/gcc/avr/4.7.2/../../../../avr/lib/avr5/crtm328p.o
 *(.init2)
 *(.init3)
 *(.init3)
 *(.init4)
 .init4         0x00000074       0x16 c:/program files (x86)/atmel/atmel toolchain/avr8 gcc/native/3.4.2.1002/avr8-gnu-toolchain/bin/../lib/gcc/avr/4.7.2/avr5\libgcc.a(_copy_data.o)
                0x00000074                __do_copy_data
 .init4         0x0000008a       0x10 c:/program files (x86)/atmel/atmel toolchain/avr8 gcc/native/3.4.2.1002/avr8-gnu-toolchain/bin/../lib/gcc/avr/4.7.2/avr5\libgcc.a(_clear_bss.o)
                0x0000008a                __do_clear_bss
 *(.init4)
 *(.init5)
 *(.init5)
 *(.init6)
 *(.init6)
 *(.init7)
 *(.init7)
 *(.init8)
 *(.init8)
 *(.init9)
 .init9         0x0000009a        0x8 c:/program files (x86)/atmel/atmel toolchain/avr8 gcc/native/3.4.2.1002/avr8-gnu-toolchain/bin/../lib/gcc/avr/4.7.2/../../../../avr/lib/avr5/crtm328p.o
 *(.init9)
 *(.text)
 .text          0x000000a2        0x4 c:/program files (x86)/atmel/atmel toolchain/avr8 gcc/native/3.4.2.1002/avr8-gnu-toolchain/bin/../lib/gcc/avr/4.7.2/../../../../avr/lib/avr5/crtm328p.o
                0x000000a2                __vector_22
                0x000000a2                __vector_1
                0x000000a2                __vector_24
                0x000000a2                __vector_12
                0x000000a2                __bad_interrupt
                0x000000a2                __vector_3
                0x000000a2                __vector_23
                0x000000a2                __vector_25
                0x000000a2                __vector_11
                0x000000a2                __vector_13
                0x000000a2                __vector_17
                0x000000a2                __vector_19
                0x000000a2                __vector_7
                0x000000a2                __vector_5
                0x000000a2                __vector_4
                0x000000a2                __vector_9
                0x000000a2                __vector_2
                0x000000a2                __vector_21
                0x000000a2                __vector_15
                0x000000a2                __vector_8
                0x000000a2                __vector_14
                0x000000a2                __vector_10
                0x000000a2                __vector_16
                0x000000a2                __vector_18
                0x000000a2                __vector_20
                0x000000a6                . = ALIGN (0x2)
 *(.text.*)
 .text.main     0x000000a6       0x3e free.o
                0x000000a6                main
 .text.vta1     0x000000e4       0x38 free_lib.o
                0x000000e4                vta1
 .text.vta      0x0000011c       0x38 free_lib.o
                0x0000011c                vta
 .text.pvPortMalloc
                0x00000154       0x22 heap_3.o
                0x00000154                pvPortMalloc
 .text.vPortFree
                0x00000176       0x1e heap_3.o
                0x00000176                vPortFree
 .text.vListInitialise
                0x00000194       0x1c list.o
                0x00000194                vListInitialise
 .text.vListInitialiseItem
                0x000001b0        0x8 list.o
                0x000001b0                vListInitialiseItem
 .text.vListInsertEnd
                0x000001b8       0x42 list.o
                0x000001b8                vListInsertEnd
 .text.vListInsert
                0x000001fa       0x62 list.o
                0x000001fa                vListInsert
 .text.uxListRemove
                0x0000025c       0x4c list.o
                0x0000025c                uxListRemove
 .text.pxPortInitialiseStack
                0x000002a8      0x128 port.o
                0x000002a8                pxPortInitialiseStack
 .text.xPortStartScheduler
                0x000003d0       0x72 port.o
                0x000003d0                xPortStartScheduler
 .text.vPortYield
                0x00000442       0xb2 port.o
                0x00000442                vPortYield
 .text.vPortYieldFromTick
                0x000004f4       0xba port.o
                0x000004f4                vPortYieldFromTick
 .text.__vector_6
                0x000005ae        0x6 port.o
                0x000005ae                __vector_6
 .text.prvIsQueueEmpty
                0x000005b4       0x16 queue.o
 .text.prvUnlockQueue
                0x000005ca       0x8c queue.o
 .text.prvCopyDataFromQueue
                0x00000656       0x36 queue.o
 .text.prvCopyDataToQueue
                0x0000068c       0xbe queue.o
 .text.xQueueGenericReset
                0x0000074a       0x8c queue.o
                0x0000074a                xQueueGenericReset
 .text.xQueueGenericCreate
                0x000007d6       0x60 queue.o
                0x000007d6                xQueueGenericCreate
 .text.xQueueGenericSend
                0x00000836      0x142 queue.o
                0x00000836                xQueueGenericSend
 .text.xQueueGenericSendFromISR
                0x00000978       0x6c queue.o
                0x00000978                xQueueGenericSendFromISR
 .text.xQueueGenericReceive
                0x000009e4      0x18e queue.o
                0x000009e4                xQueueGenericReceive
 .text.vQueueWaitForMessageRestricted
                0x00000b72       0x3a queue.o
                0x00000b72                vQueueWaitForMessageRestricted
 .text.prvResetNextTaskUnblockTime
                0x00000bac       0x3e tasks.o
 .text.prvAddCurrentTaskToDelayedList
                0x00000bea       0xb0 tasks.o
 .text.prvDeleteTCB
                0x00000c9a       0x1a tasks.o
 .text.xTaskCreate
                0x00000cb4      0x240 tasks.o
                0x00000cb4                xTaskCreate
 .text.vTaskStartScheduler
                0x00000ef4       0x5c tasks.o
                0x00000ef4                vTaskStartScheduler
 .text.vTaskSuspendAll
                0x00000f50        0xc tasks.o
                0x00000f50                vTaskSuspendAll
 .text.xTaskGetTickCount
                0x00000f5c       0x18 tasks.o
                0x00000f5c                xTaskGetTickCount
 .text.xTaskIncrementTick
                0x00000f74      0x17a tasks.o
                0x00000f74                xTaskIncrementTick
 .text.xTaskResumeAll
                0x000010ee       0xfc tasks.o
                0x000010ee                xTaskResumeAll
 .text.prvIdleTask
                0x000011ea       0x72 tasks.o
 .text.vTaskSwitchContext
                0x0000125c       0xb0 tasks.o
                0x0000125c                vTaskSwitchContext
 .text.vTaskPlaceOnEventList
                0x0000130c       0x24 tasks.o
                0x0000130c                vTaskPlaceOnEventList
 .text.vTaskPlaceOnEventListRestricted
                0x00001330       0x34 tasks.o
                0x00001330                vTaskPlaceOnEventListRestricted
 .text.xTaskRemoveFromEventList
                0x00001364       0x92 tasks.o
                0x00001364                xTaskRemoveFromEventList
 .text.vTaskSetTimeOutState
                0x000013f6       0x16 tasks.o
                0x000013f6                vTaskSetTimeOutState
 .text.xTaskCheckForTimeOut
                0x0000140c       0x72 tasks.o
                0x0000140c                xTaskCheckForTimeOut
 .text.vTaskMissedYield
                0x0000147e        0x8 tasks.o
                0x0000147e                vTaskMissedYield
 .text.xTaskGetSchedulerState
                0x00001486       0x1c tasks.o
                0x00001486                xTaskGetSchedulerState
 .text.vTaskPriorityInherit
                0x000014a2       0xbc tasks.o
                0x000014a2                vTaskPriorityInherit
 .text.xTaskPriorityDisinherit
                0x0000155e       0x7e tasks.o
                0x0000155e                xTaskPriorityDisinherit
 .text.pvTaskIncrementMutexHeldCount
                0x000015dc       0x28 tasks.o
                0x000015dc                pvTaskIncrementMutexHeldCount
 .text.prvCheckForValidListAndQueue
                0x00001604       0x52 timers.o
 .text.prvInsertTimerInActiveList
                0x00001656       0x5e timers.o
 .text.xTimerCreateTimerTask
                0x000016b4       0x44 timers.o
                0x000016b4                xTimerCreateTimerTask
 .text.xTimerGenericCommand
                0x000016f8       0x90 timers.o
                0x000016f8                xTimerGenericCommand
 .text.prvSampleTimeNow
                0x00001788       0xe2 timers.o
 .text.prvTimerTask
                0x0000186a      0x1dc timers.o
 .text.avr-libc
                0x00001a46      0x270 c:/program files (x86)/atmel/atmel toolchain/avr8 gcc/native/3.4.2.1002/avr8-gnu-toolchain/bin/../lib/gcc/avr/4.7.2/../../../../avr/lib/avr5\libc.a(malloc.o)
                0x00001a46                malloc
                0x00001b7c                free
 .text.avr-libc
                0x00001cb6       0x12 c:/program files (x86)/atmel/atmel toolchain/avr8 gcc/native/3.4.2.1002/avr8-gnu-toolchain/bin/../lib/gcc/avr/4.7.2/../../../../avr/lib/avr5\libc.a(memcpy.o)
                0x00001cb6                memcpy
 .text.avr-libc
                0x00001cc8        0xe c:/program files (x86)/atmel/atmel toolchain/avr8 gcc/native/3.4.2.1002/avr8-gnu-toolchain/bin/../lib/gcc/avr/4.7.2/../../../../avr/lib/avr5\libc.a(memset.o)
                0x00001cc8                memset
 .text.libgcc.prologue
                0x00001cd6       0x36 c:/program files (x86)/atmel/atmel toolchain/avr8 gcc/native/3.4.2.1002/avr8-gnu-toolchain/bin/../lib/gcc/avr/4.7.2/avr5\libgcc.a(_epilogue.o)
                0x00001cd6                __epilogue_restores__
                0x00001d0c                . = ALIGN (0x2)
 *(.fini9)
 .fini9         0x00001d0c        0x0 c:/program files (x86)/atmel/atmel toolchain/avr8 gcc/native/3.4.2.1002/avr8-gnu-toolchain/bin/../lib/gcc/avr/4.7.2/avr5\libgcc.a(_exit.o)
                0x00001d0c                _exit
                0x00001d0c                exit
 *(.fini9)
 *(.fini8)
 *(.fini8)
 *(.fini7)
 *(.fini7)
 *(.fini6)
 *(.fini6)
 *(.fini5)
 *(.fini5)
 *(.fini4)
 *(.fini4)
 *(.fini3)
 *(.fini3)
 *(.fini2)
 *(.fini2)
 *(.fini1)
 *(.fini1)
 *(.fini0)
 .fini0         0x00001d0c        0x4 c:/program files (x86)/atmel/atmel toolchain/avr8 gcc/native/3.4.2.1002/avr8-gnu-toolchain/bin/../lib/gcc/avr/4.7.2/avr5\libgcc.a(_exit.o)
 *(.fini0)
                0x00001d10                _etext = .

.data           0x00800100       0x22 load address 0x00001d10
                0x00800100                PROVIDE (__data_start, .)
 *(.data)
 .data          0x00800100        0x0 c:/program files (x86)/atmel/atmel toolchain/avr8 gcc/native/3.4.2.1002/avr8-gnu-toolchain/bin/../lib/gcc/avr/4.7.2/../../../../avr/lib/avr5/crtm328p.o
 .data          0x00800100        0x0 croutine.o
 .data          0x00800100        0x0 event_groups.o
 .data          0x00800100        0x0 free.o
 .data          0x00800100        0x0 free_lib.o
 .data          0x00800100        0x0 heap_3.o
 .data          0x00800100        0x0 list.o
 .data          0x00800100        0x0 port.o
 .data          0x00800100        0x0 queue.o
 .data          0x00800100        0x0 tasks.o
 .data          0x00800100        0x0 timers.o
 .data          0x00800100        0x0 c:/program files (x86)/atmel/atmel toolchain/avr8 gcc/native/3.4.2.1002/avr8-gnu-toolchain/bin/../lib/gcc/avr/4.7.2/avr5\libgcc.a(_exit.o)
 .data          0x00800100        0x0 c:/program files (x86)/atmel/atmel toolchain/avr8 gcc/native/3.4.2.1002/avr8-gnu-toolchain/bin/../lib/gcc/avr/4.7.2/avr5\libgcc.a(_copy_data.o)
 .data          0x00800100        0x0 c:/program files (x86)/atmel/atmel toolchain/avr8 gcc/native/3.4.2.1002/avr8-gnu-toolchain/bin/../lib/gcc/avr/4.7.2/avr5\libgcc.a(_clear_bss.o)
 .data          0x00800100        0x6 c:/program files (x86)/atmel/atmel toolchain/avr8 gcc/native/3.4.2.1002/avr8-gnu-toolchain/bin/../lib/gcc/avr/4.7.2/../../../../avr/lib/avr5\libc.a(malloc.o)
                0x00800100                __malloc_heap_end
                0x00800102                __malloc_heap_start
                0x00800104                __malloc_margin
 .data          0x00800106        0x0 c:/program files (x86)/atmel/atmel toolchain/avr8 gcc/native/3.4.2.1002/avr8-gnu-toolchain/bin/../lib/gcc/avr/4.7.2/../../../../avr/lib/avr5\libc.a(memcpy.o)
 .data          0x00800106        0x0 c:/program files (x86)/atmel/atmel toolchain/avr8 gcc/native/3.4.2.1002/avr8-gnu-toolchain/bin/../lib/gcc/avr/4.7.2/../../../../avr/lib/avr5\libc.a(memset.o)
 .data          0x00800106        0x0 c:/program files (x86)/atmel/atmel toolchain/avr8 gcc/native/3.4.2.1002/avr8-gnu-toolchain/bin/../lib/gcc/avr/4.7.2/avr5\libgcc.a(_epilogue.o)
 *(.data*)
 *(.rodata)
 *(.rodata*)
 .rodata.str1.1
                0x00800106        0xe free.o
 .rodata.str1.1
                0x00800114        0x5 tasks.o
 .rodata.str1.1
                0x00800119        0x8 timers.o
 *(.gnu.linkonce.d*)
                0x00800122                . = ALIGN (0x2)
 *fill*         0x00800121        0x1 
                0x00800122                _edata = .
                0x00800122                PROVIDE (__data_end, .)

.bss            0x00800122       0x86
                0x00800122                PROVIDE (__bss_start, .)
 *(.bss)
 *(.bss*)
 .bss.uxSchedulerSuspended
                0x00800122        0x1 tasks.o
 .bss.xNextTaskUnblockTime
                0x00800123        0x2 tasks.o
 .bss.xNumOfOverflows
                0x00800125        0x1 tasks.o
 .bss.xYieldPending
                0x00800126        0x1 tasks.o
 .bss.uxPendedTicks
                0x00800127        0x1 tasks.o
 .bss.xSchedulerRunning
                0x00800128        0x1 tasks.o
 .bss.uxTopReadyPriority
                0x00800129        0x1 tasks.o
 .bss.xTickCount
                0x0080012a        0x2 tasks.o
 .bss.uxCurrentNumberOfTasks
                0x0080012c        0x1 tasks.o
 .bss.uxDeletedTasksWaitingCleanUp
                0x0080012d        0x1 tasks.o
 .bss.pxOverflowDelayedTaskList
                0x0080012e        0x2 tasks.o
 .bss.pxDelayedTaskList
                0x00800130        0x2 tasks.o
 .bss.pxCurrentTCB
                0x00800132        0x2 tasks.o
                0x00800132                pxCurrentTCB
 .bss.uxTaskNumber
                0x00800134        0x1 tasks.o
 .bss.pxReadyTasksLists
                0x00800135       0x24 tasks.o
 .bss.xDelayedTaskList1
                0x00800159        0x9 tasks.o
 .bss.xDelayedTaskList2
                0x00800162        0x9 tasks.o
 .bss.xPendingReadyList
                0x0080016b        0x9 tasks.o
 .bss.xTasksWaitingTermination
                0x00800174        0x9 tasks.o
 .bss.xSuspendedTaskList
                0x0080017d        0x9 tasks.o
 .bss.xIdleTaskHandle
                0x00800186        0x2 tasks.o
 .bss.xTimerQueue
                0x00800188        0x2 timers.o
 .bss.xTimerTaskHandle
                0x0080018a        0x2 timers.o
 .bss.pxCurrentTimerList
                0x0080018c        0x2 timers.o
 .bss.pxOverflowTimerList
                0x0080018e        0x2 timers.o
 .bss.xLastTime.2055
                0x00800190        0x2 timers.o
 .bss.xActiveTimerList1
                0x00800192        0x9 timers.o
 .bss.xActiveTimerList2
                0x0080019b        0x9 timers.o
 *(COMMON)
 COMMON         0x008001a4        0x4 c:/program files (x86)/atmel/atmel toolchain/avr8 gcc/native/3.4.2.1002/avr8-gnu-toolchain/bin/../lib/gcc/avr/4.7.2/../../../../avr/lib/avr5\libc.a(malloc.o)
                0x008001a4                __brkval
                0x008001a6                __flp
                0x008001a8                PROVIDE (__bss_end, .)
                0x00001d10                __data_load_start = LOADADDR (.data)
                0x00001d32                __data_load_end = (__data_load_start + SIZEOF (.data))

.noinit         0x008001a8        0x0
                0x008001a8                PROVIDE (__noinit_start, .)
 *(.noinit*)
                0x008001a8                PROVIDE (__noinit_end, .)
                0x008001a8                _end = .
                0x008001a8                PROVIDE (__heap_start, .)

.eeprom         0x00810000        0x0
 *(.eeprom*)
                0x00810000                __eeprom_end = .

.fuse
 *(.fuse)
 *(.lfuse)
 *(.hfuse)
 *(.efuse)

.lock
 *(.lock*)

.signature
 *(.signature*)

.user_signatures
 *(.user_signatures*)

.stab           0x00000000      0x7bc
 *(.stab)
 .stab          0x00000000      0x6cc c:/program files (x86)/atmel/atmel toolchain/avr8 gcc/native/3.4.2.1002/avr8-gnu-toolchain/bin/../lib/gcc/avr/4.7.2/../../../../avr/lib/avr5/crtm328p.o
 .stab          0x000006cc       0x84 c:/program files (x86)/atmel/atmel toolchain/avr8 gcc/native/3.4.2.1002/avr8-gnu-toolchain/bin/../lib/gcc/avr/4.7.2/../../../../avr/lib/avr5\libc.a(memcpy.o)
                                 0x90 (size before relaxing)
 .stab          0x00000750       0x6c c:/program files (x86)/atmel/atmel toolchain/avr8 gcc/native/3.4.2.1002/avr8-gnu-toolchain/bin/../lib/gcc/avr/4.7.2/../../../../avr/lib/avr5\libc.a(memset.o)
                                 0x78 (size before relaxing)

.stabstr        0x00000000      0x17f
 *(.stabstr)
 .stabstr       0x00000000      0x17f c:/program files (x86)/atmel/atmel toolchain/avr8 gcc/native/3.4.2.1002/avr8-gnu-toolchain/bin/../lib/gcc/avr/4.7.2/../../../../avr/lib/avr5/crtm328p.o

.stab.excl
 *(.stab.excl)

.stab.exclstr
 *(.stab.exclstr)

.stab.index
 *(.stab.index)

.stab.indexstr
 *(.stab.indexstr)

.comment        0x00000000       0x2f
 *(.comment)
 .comment       0x00000000       0x2f croutine.o
                                 0x30 (size before relaxing)
 .comment       0x00000000       0x30 event_groups.o
 .comment       0x00000000       0x30 free.o
 .comment       0x00000000       0x30 free_lib.o
 .comment       0x00000000       0x30 heap_3.o
 .comment       0x00000000       0x30 list.o
 .comment       0x00000000       0x30 port.o
 .comment       0x00000000       0x30 queue.o
 .comment       0x00000000       0x30 tasks.o
 .comment       0x00000000       0x30 timers.o
 .comment       0x00000000       0x30 c:/program files (x86)/atmel/atmel toolchain/avr8 gcc/native/3.4.2.1002/avr8-gnu-toolchain/bin/../lib/gcc/avr/4.7.2/../../../../avr/lib/avr5\libc.a(malloc.o)

.debug
 *(.debug)

.line
 *(.line)

.debug_srcinfo
 *(.debug_srcinfo)

.debug_sfnames
 *(.debug_sfnames)

.debug_aranges  0x00000000      0x480
 *(.debug_aranges)
 .debug_aranges
                0x00000000       0x18 croutine.o
 .debug_aranges
                0x00000018       0x68 event_groups.o
 .debug_aranges
                0x00000080       0x20 free.o
 .debug_aranges
                0x000000a0       0x28 free_lib.o
 .debug_aranges
                0x000000c8       0x28 heap_3.o
 .debug_aranges
                0x000000f0       0x40 list.o
 .debug_aranges
                0x00000130       0x48 port.o
 .debug_aranges
                0x00000178       0xd0 queue.o
 .debug_aranges
                0x00000248      0x188 tasks.o
 .debug_aranges
                0x000003d0       0x88 timers.o
 .debug_aranges
                0x00000458       0x28 c:/program files (x86)/atmel/atmel toolchain/avr8 gcc/native/3.4.2.1002/avr8-gnu-toolchain/bin/../lib/gcc/avr/4.7.2/../../../../avr/lib/avr5\libc.a(malloc.o)

.debug_pubnames
 *(.debug_pubnames)

.debug_info     0x00000000     0x5a9f
 *(.debug_info)
 .debug_info    0x00000000       0x64 croutine.o
 .debug_info    0x00000064      0x922 event_groups.o
 .debug_info    0x00000986      0x1d6 free.o
 .debug_info    0x00000b5c      0x1bc free_lib.o
 .debug_info    0x00000d18      0x188 heap_3.o
 .debug_info    0x00000ea0      0x2d4 list.o
 .debug_info    0x00001174      0x207 port.o
 .debug_info    0x0000137b     0x144d queue.o
 .debug_info    0x000027c8     0x1fa0 tasks.o
 .debug_info    0x00004768     0x10fa timers.o
 .debug_info    0x00005862      0x23d c:/program files (x86)/atmel/atmel toolchain/avr8 gcc/native/3.4.2.1002/avr8-gnu-toolchain/bin/../lib/gcc/avr/4.7.2/../../../../avr/lib/avr5\libc.a(malloc.o)
 *(.gnu.linkonce.wi.*)

.debug_abbrev   0x00000000     0x1287
 *(.debug_abbrev)
 .debug_abbrev  0x00000000       0x26 croutine.o
 .debug_abbrev  0x00000026      0x23d event_groups.o
 .debug_abbrev  0x00000263       0xc6 free.o
 .debug_abbrev  0x00000329      0x10d free_lib.o
 .debug_abbrev  0x00000436      0x118 heap_3.o
 .debug_abbrev  0x0000054e       0xf8 list.o
 .debug_abbrev  0x00000646      0x121 port.o
 .debug_abbrev  0x00000767      0x32b queue.o
 .debug_abbrev  0x00000a92      0x3b0 tasks.o
 .debug_abbrev  0x00000e42      0x34c timers.o
 .debug_abbrev  0x0000118e       0xf9 c:/program files (x86)/atmel/atmel toolchain/avr8 gcc/native/3.4.2.1002/avr8-gnu-toolchain/bin/../lib/gcc/avr/4.7.2/../../../../avr/lib/avr5\libc.a(malloc.o)

.debug_line     0x00000000     0x1d8c
 *(.debug_line)
 .debug_line    0x00000000       0x1a croutine.o
 .debug_line    0x0000001a      0x2e1 event_groups.o
 .debug_line    0x000002fb       0xfc free.o
 .debug_line    0x000003f7      0x1bb free_lib.o
 .debug_line    0x000005b2      0x18f heap_3.o
 .debug_line    0x00000741      0x158 list.o
 .debug_line    0x00000899      0x19c port.o
 .debug_line    0x00000a35      0x4e6 queue.o
 .debug_line    0x00000f1b      0x8fe tasks.o
 .debug_line    0x00001819      0x365 timers.o
 .debug_line    0x00001b7e      0x20e c:/program files (x86)/atmel/atmel toolchain/avr8 gcc/native/3.4.2.1002/avr8-gnu-toolchain/bin/../lib/gcc/avr/4.7.2/../../../../avr/lib/avr5\libc.a(malloc.o)

.debug_frame    0x00000000      0xdac
 *(.debug_frame)
 .debug_frame   0x00000000      0x168 event_groups.o
 .debug_frame   0x00000168       0x24 free.o
 .debug_frame   0x0000018c       0x34 free_lib.o
 .debug_frame   0x000001c0       0x4c heap_3.o
 .debug_frame   0x0000020c       0x88 list.o
 .debug_frame   0x00000294       0x74 port.o
 .debug_frame   0x00000308      0x308 queue.o
 .debug_frame   0x00000610      0x598 tasks.o
 .debug_frame   0x00000ba8      0x19c timers.o
 .debug_frame   0x00000d44       0x68 c:/program files (x86)/atmel/atmel toolchain/avr8 gcc/native/3.4.2.1002/avr8-gnu-toolchain/bin/../lib/gcc/avr/4.7.2/../../../../avr/lib/avr5\libc.a(malloc.o)

.debug_str      0x00000000     0x1920
 *(.debug_str)
 .debug_str     0x00000000       0x76 croutine.o
                                 0xaf (size before relaxing)
 .debug_str     0x00000076      0x3f0 event_groups.o
                                0x4d0 (size before relaxing)
 .debug_str     0x00000466       0x55 free.o
                                0x114 (size before relaxing)
 .debug_str     0x000004bb       0x6a free_lib.o
                                0x115 (size before relaxing)
 .debug_str     0x00000525       0x2f heap_3.o
                                0x116 (size before relaxing)
 .debug_str     0x00000554       0x89 list.o
                                0x1f3 (size before relaxing)
 .debug_str     0x000005dd       0xda port.o
                                0x1af (size before relaxing)
 .debug_str     0x000006b7      0x557 queue.o
                                0x77f (size before relaxing)
 .debug_str     0x00000c0e      0x832 tasks.o
                                0xd10 (size before relaxing)
 .debug_str     0x00001440      0x3f8 timers.o
                                0x744 (size before relaxing)
 .debug_str     0x00001838       0xe8 c:/program files (x86)/atmel/atmel toolchain/avr8 gcc/native/3.4.2.1002/avr8-gnu-toolchain/bin/../lib/gcc/avr/4.7.2/../../../../avr/lib/avr5\libc.a(malloc.o)
                                0x17c (size before relaxing)

.debug_loc      0x00000000     0x5af0
 *(.debug_loc)
 .debug_loc     0x00000000      0xb42 event_groups.o
 .debug_loc     0x00000b42       0x74 free_lib.o
 .debug_loc     0x00000bb6      0x112 heap_3.o
 .debug_loc     0x00000cc8      0x151 list.o
 .debug_loc     0x00000e19      0x4a4 port.o
 .debug_loc     0x000012bd     0x15d5 queue.o
 .debug_loc     0x00002892     0x205e tasks.o
 .debug_loc     0x000048f0      0xd08 timers.o
 .debug_loc     0x000055f8      0x4f8 c:/program files (x86)/atmel/atmel toolchain/avr8 gcc/native/3.4.2.1002/avr8-gnu-toolchain/bin/../lib/gcc/avr/4.7.2/../../../../avr/lib/avr5\libc.a(malloc.o)

.debug_macinfo
 *(.debug_macinfo)

.debug_pubtypes
 *(.debug_pubtypes)

.debug_ranges   0x00000000      0x560
 *(.debug_ranges)
 .debug_ranges  0x00000000       0x58 event_groups.o
 .debug_ranges  0x00000058       0x10 free.o
 .debug_ranges  0x00000068       0x18 free_lib.o
 .debug_ranges  0x00000080       0x18 heap_3.o
 .debug_ranges  0x00000098       0x30 list.o
 .debug_ranges  0x000000c8       0x38 port.o
 .debug_ranges  0x00000100      0x138 queue.o
 .debug_ranges  0x00000238      0x258 tasks.o
 .debug_ranges  0x00000490       0xb8 timers.o
 .debug_ranges  0x00000548       0x18 c:/program files (x86)/atmel/atmel toolchain/avr8 gcc/native/3.4.2.1002/avr8-gnu-toolchain/bin/../lib/gcc/avr/4.7.2/../../../../avr/lib/avr5\libc.a(malloc.o)

.debug_macro
 *(.debug_macro)
OUTPUT(free.elf elf32-avr)
LOAD linker stubs
